[INFO] Scanning for projects...
[WARNING] 
[WARNING] Some problems were encountered while building the effective model for ru.sbrf.uddk.ai.testing:ai-testing-app:jar:1.0-SNAPSHOT
[WARNING] 'build.plugins.plugin.version' for org.springframework.boot:spring-boot-maven-plugin is missing. @ line 35, column 21
[WARNING] 
[WARNING] It is highly recommended to fix these problems because they threaten the stability of your build.
[WARNING] 
[WARNING] For this reason, future Maven versions might no longer support building such malformed projects.
[WARNING] 
[INFO] ------------------------------------------------------------------------
[INFO] Reactor Build Order:
[INFO] 
[INFO] ai-testing                                                         [pom]
[INFO] ai-testing-core                                                    [jar]
[INFO] AI Testing - Test Generator                                        [jar]
[INFO] ai-testing-ui                                                      [jar]
[INFO] ai-testing-app                                                     [jar]
[INFO] 
[INFO] -----------------< ru.sbrf.uddk.ai.testing:ai-testing >-----------------
[INFO] Building ai-testing 1.0-SNAPSHOT                                   [1/5]
[INFO]   from pom.xml
[INFO] --------------------------------[ pom ]---------------------------------
[INFO] 
[INFO] --------------< ru.sbrf.uddk.ai.testing:ai-testing-core >---------------
[INFO] Building ai-testing-core 1.0-SNAPSHOT                              [2/5]
[INFO]   from ai-testing-core\pom.xml
[INFO] --------------------------------[ jar ]---------------------------------
[INFO] 
[INFO] --- resources:3.3.1:resources (default-resources) @ ai-testing-core ---
[INFO] Copying 1 resource from src\main\resources to target\classes
[INFO] 
[INFO] --- compiler:3.11.0:compile (default-compile) @ ai-testing-core ---
[INFO] Changes detected - recompiling the module! :source
[INFO] Compiling 80 source files with javac [debug target 21] to target\classes
[INFO] Annotation processing is enabled because one or more processors were found
  on the class path. A future release of javac may disable annotation processing
  unless at least one processor is specified by name (-processor), or a search
  path is specified (--processor-path, --processor-module-path), or annotation
  processing is enabled explicitly (-proc:only, -proc:full).
  Use -Xlint:-options to suppress this message.
  Use -proc:none to disable annotation processing.
[INFO] /E:/Projects2026/ai-testing/ai-testing-core/src/main/java/ru/sbrf/uddk/ai/testing/service/actions/ExploreFormsAction.java: Some input files use or override a deprecated API.
[INFO] /E:/Projects2026/ai-testing/ai-testing-core/src/main/java/ru/sbrf/uddk/ai/testing/service/actions/ExploreFormsAction.java: Recompile with -Xlint:deprecation for details.
[INFO] /E:/Projects2026/ai-testing/ai-testing-core/src/main/java/ru/sbrf/uddk/ai/testing/infrastructure/observation/ElementScannerImpl.java: Some input files use unchecked or unsafe operations.
[INFO] /E:/Projects2026/ai-testing/ai-testing-core/src/main/java/ru/sbrf/uddk/ai/testing/infrastructure/observation/ElementScannerImpl.java: Recompile with -Xlint:unchecked for details.
[INFO] Some messages have been simplified; recompile with -Xdiags:verbose to get full output
[INFO] -------------------------------------------------------------
[ERROR] COMPILATION ERROR : 
[INFO] -------------------------------------------------------------
[ERROR] /E:/Projects2026/ai-testing/ai-testing-core/src/main/java/ru/sbrf/uddk/ai/testing/service/DecisionEngineService.java:[80,41] incompatible types: ru.sbrf.uddk.ai.testing.service.DecisionEngineService.Decision cannot be converted to ru.sbrf.uddk.ai.testing.domain.model.Decision
[ERROR] /E:/Projects2026/ai-testing/ai-testing-core/src/main/java/ru/sbrf/uddk/ai/testing/service/DecisionEngineService.java:[442,41] incompatible types: ru.sbrf.uddk.ai.testing.service.DecisionEngineService.Decision cannot be converted to ru.sbrf.uddk.ai.testing.domain.model.Decision
[ERROR] /E:/Projects2026/ai-testing/ai-testing-core/src/main/java/ru/sbrf/uddk/ai/testing/service/DecisionEngineService.java:[455,41] incompatible types: ru.sbrf.uddk.ai.testing.service.DecisionEngineService.Decision cannot be converted to ru.sbrf.uddk.ai.testing.domain.model.Decision
[ERROR] /E:/Projects2026/ai-testing/ai-testing-core/src/main/java/ru/sbrf/uddk/ai/testing/service/DecisionEngineService.java:[462,37] incompatible types: ru.sbrf.uddk.ai.testing.service.DecisionEngineService.Decision cannot be converted to ru.sbrf.uddk.ai.testing.domain.model.Decision
[ERROR] /E:/Projects2026/ai-testing/ai-testing-core/src/main/java/ru/sbrf/uddk/ai/testing/service/TestAgentService.java:[33,81] incompatible types: ru.sbrf.uddk.ai.testing.domain.action.TestAgentAction cannot be converted to ru.sbrf.uddk.ai.testing.interfaces.TestAgentAction
[INFO] 5 errors 
[INFO] -------------------------------------------------------------
[INFO] ------------------------------------------------------------------------
[INFO] Reactor Summary for ai-testing 1.0-SNAPSHOT:
[INFO] 
[INFO] ai-testing ......................................... SUCCESS [  0.002 s]
[INFO] ai-testing-core .................................... FAILURE [  3.414 s]
[INFO] AI Testing - Test Generator ........................ SKIPPED
[INFO] ai-testing-ui ...................................... SKIPPED
[INFO] ai-testing-app ..................................... SKIPPED
[INFO] ------------------------------------------------------------------------
[INFO] BUILD FAILURE
[INFO] ------------------------------------------------------------------------
[INFO] Total time:  3.660 s
[INFO] Finished at: 2026-04-20T22:35:46+03:00
[INFO] ------------------------------------------------------------------------
[ERROR] Failed to execute goal org.apache.maven.plugins:maven-compiler-plugin:3.11.0:compile (default-compile) on project ai-testing-core: Compilation failure: Compilation failure: 
[ERROR] /E:/Projects2026/ai-testing/ai-testing-core/src/main/java/ru/sbrf/uddk/ai/testing/service/DecisionEngineService.java:[80,41] incompatible types: ru.sbrf.uddk.ai.testing.service.DecisionEngineService.Decision cannot be converted to ru.sbrf.uddk.ai.testing.domain.model.Decision
[ERROR] /E:/Projects2026/ai-testing/ai-testing-core/src/main/java/ru/sbrf/uddk/ai/testing/service/DecisionEngineService.java:[442,41] incompatible types: ru.sbrf.uddk.ai.testing.service.DecisionEngineService.Decision cannot be converted to ru.sbrf.uddk.ai.testing.domain.model.Decision
[ERROR] /E:/Projects2026/ai-testing/ai-testing-core/src/main/java/ru/sbrf/uddk/ai/testing/service/DecisionEngineService.java:[455,41] incompatible types: ru.sbrf.uddk.ai.testing.service.DecisionEngineService.Decision cannot be converted to ru.sbrf.uddk.ai.testing.domain.model.Decision
[ERROR] /E:/Projects2026/ai-testing/ai-testing-core/src/main/java/ru/sbrf/uddk/ai/testing/service/DecisionEngineService.java:[462,37] incompatible types: ru.sbrf.uddk.ai.testing.service.DecisionEngineService.Decision cannot be converted to ru.sbrf.uddk.ai.testing.domain.model.Decision
[ERROR] /E:/Projects2026/ai-testing/ai-testing-core/src/main/java/ru/sbrf/uddk/ai/testing/service/TestAgentService.java:[33,81] incompatible types: ru.sbrf.uddk.ai.testing.domain.action.TestAgentAction cannot be converted to ru.sbrf.uddk.ai.testing.interfaces.TestAgentAction
[ERROR] -> [Help 1]
[ERROR] 
[ERROR] To see the full stack trace of the errors, re-run Maven with the -e switch.
[ERROR] Re-run Maven using the -X switch to enable full debug logging.
[ERROR] 
[ERROR] For more information about the errors and possible solutions, please read the following articles:
[ERROR] [Help 1] http://cwiki.apache.org/confluence/display/MAVEN/MojoFailureException
[ERROR] 
[ERROR] After correcting the problems, you can resume the build with the command
[ERROR]   mvn <args> -rf :ai-testing-core
